// Rstest Snapshot v1

exports[`logger > should create new logger with info level correctly 1`] = `
[
  [
    "😊 Rslog v1.0.0
",
  ],
  [
    "this is a log message",
  ],
  [
    "info    this is an info message",
  ],
  [
    "ready   this is a ready message",
  ],
  [
    "success this is a success message",
  ],
]
`;

exports[`logger > should create new logger with info level correctly 2`] = `
[
  [
    "warn    this is a warn message",
  ],
]
`;

exports[`logger > should create new logger with info level correctly 3`] = `
[
  [
    "error   this is a error message",
  ],
]
`;

exports[`logger > should create new logger with warn level correctly 1`] = `
[
  [
    "warn    this is a warn message",
  ],
]
`;

exports[`logger > should create new logger with warn level correctly 2`] = `
[
  [
    "error   this is a error message",
  ],
]
`;

exports[`logger > should log as expected 1`] = `
[
  [
    "😊 Rslog v1.0.0
",
  ],
  [
    "this is a log message",
  ],
  [
    "info    this is an info message",
  ],
  [
    "ready   this is a ready message",
  ],
  [
    "success this is a success message",
  ],
]
`;

exports[`logger > should log as expected 2`] = `
[
  [
    "warn    this is a warn message",
  ],
]
`;

exports[`logger > should log as expected 3`] = `
[
  [
    "error   this is a error message",
  ],
]
`;

exports[`logger > should log error with cause correctly 1`] = `
"error       at /rslog/foo/bar.js:29:0

  [cause]:     at /rslog/foo/bar.js:29:0
"
`;

exports[`logger > should log error with stack correctly 1`] = `
"error       at /rslog/foo/bar.js:29:0
"
`;

exports[`logger > should prepend prefix correctly 1`] = `
[
  [
    "[web] 😊 Rslog v1.0.0
",
  ],
  [
    "[web] this is a log message",
  ],
  [
    "info    [web] this is an info message",
  ],
  [
    "ready   [web] this is a ready message",
  ],
  [
    "debug   [web] this is a debug message",
  ],
  [
    "success [web] this is a success message",
  ],
]
`;

exports[`logger > should prepend prefix correctly 2`] = `
[
  [
    "warn    [web] this is a warn message",
  ],
]
`;

exports[`logger > should prepend prefix correctly 3`] = `
[
  [
    "error   [web] this is a error message",
  ],
]
`;

exports[`logger > should use custom console correctly 1`] = `
[
  [
    "😊 Rslog v1.0.0
",
  ],
  [
    "this is a log message",
  ],
  [
    "info    this is an info message",
  ],
  [
    "ready   this is a ready message",
  ],
  [
    "success this is a success message",
  ],
]
`;

exports[`logger > should use custom console correctly 2`] = `
[
  [
    "warn    this is a warn message",
  ],
]
`;

exports[`logger > should use custom console correctly 3`] = `
[
  [
    "error   this is a error message",
  ],
]
`;
